_ProxyElement.notifyClients ((_ProxyWidget) → void) overridden by InheritedElement.notifyClients ((InheritedWidget) → void) (packages/flutter/lib/src/widgets/framework.dart, line 2268, col 3)
_ProxyElement.notifyClients ((_ProxyWidget) → void) overridden by ParentDataElement.notifyClients ((ParentDataWidget<T>) → void) (packages/flutter/lib/src/widgets/framework.dart, line 2225, col 3)
_WidgetProvider.didUpdateWidget ((VirtualViewport, VirtualViewport) → void) overridden by _IterableWidgetProvider.didUpdateWidget ((VirtualViewportFromIterable, VirtualViewportFromIterable) → void) (packages/flutter/lib/src/widgets/virtual_viewport.dart, line 234, col 3)
_WidgetProvider.didUpdateWidget ((VirtualViewport, VirtualViewport) → void) overridden by _LazyWidgetProvider.didUpdateWidget ((VirtualViewportFromBuilder, VirtualViewportFromBuilder) → void) (packages/flutter/lib/src/widgets/virtual_viewport.dart, line 296, col 3)
AbstractNode.adoptChild ((AbstractNode) → void) overridden by RenderObject.adoptChild ((RenderObject) → void) (packages/flutter/lib/src/rendering/object.dart, line 1055, col 3)
AbstractNode.attach ((Object) → void) overridden by RenderObject.attach ((PipelineOwner) → void) (packages/flutter/lib/src/rendering/object.dart, line 1196, col 3)
AbstractNode.attach ((Object) → void) overridden by SemanticsNode.attach ((SemanticsOwner) → void) (packages/flutter/lib/src/rendering/semantics.dart, line 329, col 3)
AbstractNode.dropChild ((AbstractNode) → void) overridden by RenderObject.dropChild ((RenderObject) → void) (packages/flutter/lib/src/rendering/object.dart, line 1069, col 3)
AssetBundle.loadStructuredData ((String, (String) → dynamic) → Future<dynamic>) overridden by CachingAssetBundle.loadStructuredData ((String, (String) → Future<dynamic>) → Future<dynamic>) (packages/flutter/lib/src/services/asset_bundle.dart, line 145, col 3)
AssetBundle.loadStructuredData ((String, (String) → dynamic) → Future<dynamic>) overridden by NetworkAssetBundle.loadStructuredData ((String, (String) → Future<dynamic>) → Future<dynamic>) (packages/flutter/lib/src/services/asset_bundle.dart, line 98, col 3)
AssetBundle.loadStructuredData ((String, (String) → dynamic) → Future<dynamic>) overridden by TestAssetBundle.loadStructuredData ((String, (String) → Future<dynamic>) → Future<dynamic>) (examples/flutter_gallery/test/example_code_parser_test.dart, line 49, col 3)
AutoLayoutDelegate.shouldUpdateConstraints ((AutoLayoutDelegate) → bool) overridden by _MyAutoLayoutDelegate.shouldUpdateConstraints ((_MyAutoLayoutDelegate) → bool) (examples/layers/widgets/autolayout.dart, line 47, col 3)
CustomClipper<Path>.shouldRepaint ((CustomClipper<Path>) → bool) overridden by PathClipper.shouldRepaint ((PathClipper) → bool) (packages/flutter/test/widget/clip_test.dart, line 18, col 3)
CustomPainter.shouldRepaint ((CustomPainter) → bool) overridden by _CircularProgressIndicatorPainter.shouldRepaint ((_CircularProgressIndicatorPainter) → bool) (packages/flutter/lib/src/material/progress_indicator.dart, line 252, col 3)
CustomPainter.shouldRepaint ((CustomPainter) → bool) overridden by _DialPainter.shouldRepaint ((_DialPainter) → bool) (packages/flutter/lib/src/material/time_picker.dart, line 385, col 3)
CustomPainter.shouldRepaint ((CustomPainter) → bool) overridden by _DropDownMenuPainter.shouldRepaint ((_DropDownMenuPainter) → bool) (packages/flutter/lib/src/material/drop_down.dart, line 70, col 3)
CustomPainter.shouldRepaint ((CustomPainter) → bool) overridden by _GesturePainter.shouldRepaint ((_GesturePainter) → bool) (examples/layers/widgets/gestures.dart, line 47, col 3)
CustomPainter.shouldRepaint ((CustomPainter) → bool) overridden by _GridPaperPainter.shouldRepaint ((_GridPaperPainter) → bool) (packages/flutter/lib/src/widgets/gridpaper.dart, line 39, col 3)
CustomPainter.shouldRepaint ((CustomPainter) → bool) overridden by _LinearProgressIndicatorPainter.shouldRepaint ((_LinearProgressIndicatorPainter) → bool) (packages/flutter/lib/src/material/progress_indicator.dart, line 108, col 3)
CustomPainter.shouldRepaint ((CustomPainter) → bool) overridden by _MarkerPainter.shouldRepaint ((_MarkerPainter) → bool) (dev/manual_tests/overlay_geometry.dart, line 51, col 3)
CustomPainter.shouldRepaint ((CustomPainter) → bool) overridden by _Painter.shouldRepaint ((_Painter) → bool) (packages/flutter/lib/src/material/overscroll_indicator.dart, line 81, col 3)
CustomPainter.shouldRepaint ((CustomPainter) → bool) overridden by _Painter.shouldRepaint ((_Painter) → bool) (packages/flutter/lib/src/material/scrollbar.dart, line 65, col 3)
CustomPainter.shouldRepaint ((CustomPainter) → bool) overridden by _PointDemoPainter.shouldRepaint ((_PointDemoPainter) → bool) (examples/flutter_gallery/lib/demo/animation_demo.dart, line 101, col 3)
CustomPainter.shouldRepaint ((CustomPainter) → bool) overridden by _RectangleDemoPainter.shouldRepaint ((_RectangleDemoPainter) → bool) (examples/flutter_gallery/lib/demo/animation_demo.dart, line 258, col 3)
CustomPainter.shouldRepaint ((CustomPainter) → bool) overridden by _SemanticsDebuggerPainter.shouldRepaint ((_SemanticsDebuggerPainter) → bool) (packages/flutter/lib/src/widgets/semantics_debugger.dart, line 422, col 3)
CustomPainter.shouldRepaint ((CustomPainter) → bool) overridden by _TextSelectionHandlePainter.shouldRepaint ((_TextSelectionHandlePainter) → bool) (packages/flutter/lib/src/material/text_selection.dart, line 141, col 3)
CustomPainter.shouldRepaint ((CustomPainter) → bool) overridden by BannerPainter.shouldRepaint ((BannerPainter) → bool) (packages/flutter/lib/src/widgets/banner.dart, line 77, col 3)
CustomPainter.shouldRepaint ((CustomPainter) → bool) overridden by DashOutlineCirclePainter.shouldRepaint ((DashOutlineCirclePainter) → bool) (dev/manual_tests/drag_and_drop.dart, line 173, col 3)
CustomPainter.shouldRepaint ((CustomPainter) → bool) overridden by StockArrowPainter.shouldRepaint ((StockArrowPainter) → bool) (examples/stocks/lib/stock_arrow.dart, line 49, col 3)
CustomPainter.shouldRepaint ((CustomPainter) → bool) overridden by TestCallbackPainter.shouldRepaint ((TestCallbackPainter) → bool) (packages/flutter/test/rendering/rendering_tester.dart, line 81, col 3)
CustomPainter.shouldRepaint ((CustomPainter) → bool) overridden by TestCustomPainter.shouldRepaint ((TestCustomPainter) → bool) (packages/flutter/test/widget/custom_paint_test.dart, line 20, col 3)
DataPipeImageProvider<AssetBundleImageKey>.decodeImage ((MojoDataPipeConsumer) → Future<Image>) overridden by TestAssetImage.decodeImage ((TestMojoDataPipeConsumer) → Future<Image>) (packages/flutter/test/widget/image_resolution_test.dart, line 83, col 3)
Element.update ((Widget) → void) overridden by _ProxyElement.update ((_ProxyWidget) → void) (packages/flutter/lib/src/widgets/framework.dart, line 2173, col 3)
Element.update ((Widget) → void) overridden by RenderObjectElement.update ((RenderObjectWidget) → void) (packages/flutter/lib/src/widgets/framework.dart, line 2339, col 3)
Element.update ((Widget) → void) overridden by StatefulElement.update ((StatefulWidget) → void) (packages/flutter/lib/src/widgets/framework.dart, line 2090, col 3)
Element.update ((Widget) → void) overridden by StatelessElement.update ((StatelessWidget) → void) (packages/flutter/lib/src/widgets/framework.dart, line 2029, col 3)
FlowDelegate.shouldRepaint ((FlowDelegate) → bool) overridden by TestFlowDelegate.shouldRepaint ((TestFlowDelegate) → bool) (packages/flutter/test/widget/flow_test.dart, line 30, col 3)
GridDelegate.shouldRelayout ((GridDelegate) → bool) overridden by GridDelegateWithInOrderChildPlacement.shouldRelayout ((GridDelegateWithInOrderChildPlacement) → bool) (packages/flutter/lib/src/rendering/grid.dart, line 316, col 3)
GridDelegateWithInOrderChildPlacement.shouldRelayout ((GridDelegateWithInOrderChildPlacement) → bool) overridden by FixedColumnCountGridDelegate.shouldRelayout ((FixedColumnCountGridDelegate) → bool) (packages/flutter/lib/src/rendering/grid.dart, line 370, col 3)
GridDelegateWithInOrderChildPlacement.shouldRelayout ((GridDelegateWithInOrderChildPlacement) → bool) overridden by MaxTileWidthGridDelegate.shouldRelayout ((MaxTileWidthGridDelegate) → bool) (packages/flutter/lib/src/rendering/grid.dart, line 467, col 3)
HitTestTarget.handleEvent ((PointerEvent, HitTestEntry) → void) overridden by RenderDots.handleEvent ((PointerEvent, BoxHitTestEntry) → void) (examples/layers/rendering/touch_input.dart, line 66, col 3)
HitTestTarget.handleEvent ((PointerEvent, HitTestEntry) → void) overridden by RenderEditableLine.handleEvent ((PointerEvent, BoxHitTestEntry) → void) (packages/flutter/lib/src/rendering/editable_line.dart, line 211, col 3)
HitTestTarget.handleEvent ((PointerEvent, HitTestEntry) → void) overridden by RenderParagraph.handleEvent ((PointerEvent, BoxHitTestEntry) → void) (packages/flutter/lib/src/rendering/paragraph.dart, line 134, col 3)
HitTestTarget.handleEvent ((PointerEvent, HitTestEntry) → void) overridden by SpriteBox.handleEvent ((PointerEvent, _SpriteBoxHitTestEntry) → void) (packages/flutter_sprites/lib/src/sprite_box.dart, line 209, col 3)
InheritedWidget.updateShouldNotify ((InheritedWidget) → bool) overridden by _FocusScope.updateShouldNotify ((_FocusScope) → bool) (packages/flutter/lib/src/widgets/focus.dart, line 61, col 3)
InheritedWidget.updateShouldNotify ((InheritedWidget) → bool) overridden by _ModalScopeStatus.updateShouldNotify ((_ModalScopeStatus) → bool) (packages/flutter/lib/src/widgets/routes.dart, line 355, col 3)
InheritedWidget.updateShouldNotify ((InheritedWidget) → bool) overridden by ButtonTheme.updateShouldNotify ((ButtonTheme) → bool) (packages/flutter/lib/src/material/button.dart, line 102, col 3)
InheritedWidget.updateShouldNotify ((InheritedWidget) → bool) overridden by ClampOverscrolls.updateShouldNotify ((ClampOverscrolls) → bool) (packages/flutter/lib/src/widgets/clamp_overscrolls.dart, line 68, col 3)
InheritedWidget.updateShouldNotify ((InheritedWidget) → bool) overridden by DefaultAssetBundle.updateShouldNotify ((DefaultAssetBundle) → bool) (packages/flutter/lib/src/widgets/basic.dart, line 2416, col 3)
InheritedWidget.updateShouldNotify ((InheritedWidget) → bool) overridden by DefaultTextStyle.updateShouldNotify ((DefaultTextStyle) → bool) (packages/flutter/lib/src/widgets/basic.dart, line 2170, col 3)
InheritedWidget.updateShouldNotify ((InheritedWidget) → bool) overridden by DropDownButtonHideUnderline.updateShouldNotify ((DropDownButtonHideUnderline) → bool) (packages/flutter/lib/src/material/drop_down.dart, line 369, col 3)
InheritedWidget.updateShouldNotify ((InheritedWidget) → bool) overridden by FormScope.updateShouldNotify ((FormScope) → bool) (packages/flutter/lib/src/widgets/form.dart, line 111, col 3)
InheritedWidget.updateShouldNotify ((InheritedWidget) → bool) overridden by IconTheme.updateShouldNotify ((IconTheme) → bool) (packages/flutter/lib/src/material/icon_theme.dart, line 58, col 3)
InheritedWidget.updateShouldNotify ((InheritedWidget) → bool) overridden by LocaleQuery.updateShouldNotify ((LocaleQuery) → bool) (packages/flutter/lib/src/widgets/locale_query.dart, line 33, col 3)
InheritedWidget.updateShouldNotify ((InheritedWidget) → bool) overridden by MediaQuery.updateShouldNotify ((MediaQuery) → bool) (packages/flutter/lib/src/widgets/media_query.dart, line 124, col 3)
InheritedWidget.updateShouldNotify ((InheritedWidget) → bool) overridden by ScrollConfiguration.updateShouldNotify ((ScrollConfiguration) → bool) (packages/flutter/lib/src/widgets/scroll_configuration.dart, line 73, col 3)
InheritedWidget.updateShouldNotify ((InheritedWidget) → bool) overridden by ShrineTheme.updateShouldNotify ((ShrineTheme) → bool) (examples/flutter_gallery/lib/demo/shrine/shrine_theme.dart, line 53, col 3)
InheritedWidget.updateShouldNotify ((InheritedWidget) → bool) overridden by Theme.updateShouldNotify ((Theme) → bool) (packages/flutter/lib/src/material/theme.dart, line 48, col 3)
InheritedWidget.updateShouldNotify ((InheritedWidget) → bool) overridden by ValueInherited.updateShouldNotify ((ValueInherited) → bool) (packages/flutter/test/widget/inherited_test.dart, line 29, col 3)
KeyboardProxy.setClient ((KeyboardClientInterface, KeyboardConfiguration) → void) overridden by MockKeyboard.setClient ((KeyboardClientStub, KeyboardConfiguration) → void) (packages/flutter/test/widget/form_test.dart, line 15, col 3)
KeyboardProxy.setClient ((KeyboardClientInterface, KeyboardConfiguration) → void) overridden by MockKeyboard.setClient ((KeyboardClientStub, KeyboardConfiguration) → void) (packages/flutter/test/widget/input_test.dart, line 18, col 3)
LazyBlockDelegate.shouldRebuild ((LazyBlockDelegate) → bool) overridden by CardBuilder.shouldRebuild ((CardBuilder) → bool) (dev/manual_tests/overlay_geometry.dart, line 125, col 3)
LazyBlockDelegate.shouldRebuild ((LazyBlockDelegate) → bool) overridden by FancyItemDelegate.shouldRebuild ((FancyItemDelegate) → bool) (dev/benchmarks/complex_layout/lib/main.dart, line 66, col 3)
LazyBlockDelegate.shouldRebuild ((LazyBlockDelegate) → bool) overridden by LazyBlockChildren.shouldRebuild ((LazyBlockChildren) → bool) (packages/flutter/lib/src/widgets/lazy_block.dart, line 164, col 3)
MarkdownRaw.createMarkdownBody (({data: String, markdownStyle: MarkdownStyleRaw, syntaxHighlighter: SyntaxHighlighter, onTapLink: (String) → void}) → MarkdownBodyRaw) overridden by Markdown.createMarkdownBody (({data: String, markdownStyle: MarkdownStyle, syntaxHighlighter: SyntaxHighlighter, onTapLink: (String) → void}) → MarkdownBody) (packages/flutter_markdown/lib/src/markdown.dart, line 38, col 3)
Matcher.matches ((dynamic, Map<dynamic, dynamic>) → bool) overridden by _FindsWidgetMatcher.matches ((Finder, Map<dynamic, dynamic>) → bool) (packages/flutter_test/lib/src/matchers.dart, line 67, col 3)
Matcher.matches ((dynamic, Map<dynamic, dynamic>) → bool) overridden by _IsInCard.matches ((Finder, Map<dynamic, dynamic>) → bool) (packages/flutter_test/lib/src/matchers.dart, line 200, col 3)
Matcher.matches ((dynamic, Map<dynamic, dynamic>) → bool) overridden by _IsNotInCard.matches ((Finder, Map<dynamic, dynamic>) → bool) (packages/flutter_test/lib/src/matchers.dart, line 210, col 3)
Matcher.matches ((dynamic, Map<dynamic, dynamic>) → bool) overridden by _IsOffStage.matches ((Finder, Map<dynamic, dynamic>) → bool) (packages/flutter_test/lib/src/matchers.dart, line 160, col 3)
Matcher.matches ((dynamic, Map<dynamic, dynamic>) → bool) overridden by _IsOnStage.matches ((Finder, Map<dynamic, dynamic>) → bool) (packages/flutter_test/lib/src/matchers.dart, line 177, col 3)
MultiChildLayoutDelegate.shouldRelayout ((MultiChildLayoutDelegate) → bool) overridden by _ScaffoldLayout.shouldRelayout ((_ScaffoldLayout) → bool) (packages/flutter/lib/src/material/scaffold.dart, line 130, col 3)
MultiChildLayoutDelegate.shouldRelayout ((MultiChildLayoutDelegate) → bool) overridden by FeatureLayout.shouldRelayout ((FeatureLayout) → bool) (examples/flutter_gallery/lib/demo/shrine/shrine_home.dart, line 163, col 3)
MultiChildLayoutDelegate.shouldRelayout ((MultiChildLayoutDelegate) → bool) overridden by PreferredSizeDelegate.shouldRelayout ((PreferredSizeDelegate) → bool) (packages/flutter/test/widget/custom_multi_child_layout_test.dart, line 71, col 3)
PageableState<TabBarView<T>>.didUpdateConfig ((Pageable) → void) overridden by _TabBarViewState.didUpdateConfig ((TabBarView<T>) → void) (packages/flutter/lib/src/material/tabs.dart, line 1112, col 3)
RenderBox.applyPaintTransform ((RenderObject, Matrix4) → void) overridden by RenderFlow.applyPaintTransform ((RenderBox, Matrix4) → void) (packages/flutter/lib/src/rendering/flow.dart, line 398, col 3)
RenderBox.applyPaintTransform ((RenderObject, Matrix4) → void) overridden by RenderFractionalTranslation.applyPaintTransform ((RenderBox, Matrix4) → void) (packages/flutter/lib/src/rendering/proxy_box.dart, line 1414, col 3)
RenderBox.applyPaintTransform ((RenderObject, Matrix4) → void) overridden by RenderRotatedBox.applyPaintTransform ((RenderBox, Matrix4) → void) (packages/flutter/lib/src/rendering/rotated_box.dart, line 112, col 3)
RenderBox.applyPaintTransform ((RenderObject, Matrix4) → void) overridden by RenderTransform.applyPaintTransform ((RenderBox, Matrix4) → void) (packages/flutter/lib/src/rendering/proxy_box.dart, line 1345, col 3)
RenderBox.applyPaintTransform ((RenderObject, Matrix4) → void) overridden by RenderViewportBase.applyPaintTransform ((RenderBox, Matrix4) → void) (packages/flutter/lib/src/rendering/viewport.dart, line 181, col 3)
RenderBox.handleEvent ((PointerEvent, HitTestEntry) → void) overridden by _RenderSlider.handleEvent ((PointerEvent, BoxHitTestEntry) → void) (packages/flutter/lib/src/material/slider.dart, line 328, col 3)
RenderBox.handleEvent ((PointerEvent, HitTestEntry) → void) overridden by RenderDots.handleEvent ((PointerEvent, BoxHitTestEntry) → void) (examples/layers/rendering/touch_input.dart, line 66, col 3)
RenderBox.handleEvent ((PointerEvent, HitTestEntry) → void) overridden by RenderDots.handleEvent ((PointerEvent, BoxHitTestEntry) → void) (examples/layers/widgets/custom_render_box.dart, line 18, col 3)
RenderBox.handleEvent ((PointerEvent, HitTestEntry) → void) overridden by RenderEditableLine.handleEvent ((PointerEvent, BoxHitTestEntry) → void) (packages/flutter/lib/src/rendering/editable_line.dart, line 211, col 3)
RenderBox.handleEvent ((PointerEvent, HitTestEntry) → void) overridden by RenderParagraph.handleEvent ((PointerEvent, BoxHitTestEntry) → void) (packages/flutter/lib/src/rendering/paragraph.dart, line 134, col 3)
RenderBox.handleEvent ((PointerEvent, HitTestEntry) → void) overridden by RenderSolidColorBox.handleEvent ((PointerEvent, BoxHitTestEntry) → void) (examples/layers/rendering/src/solid_color_box.dart, line 42, col 3)
RenderBox.handleEvent ((PointerEvent, HitTestEntry) → void) overridden by RenderToggleable.handleEvent ((PointerEvent, BoxHitTestEntry) → void) (packages/flutter/lib/src/material/toggleable.dart, line 244, col 3)
RenderBox.handleEvent ((PointerEvent, HitTestEntry) → void) overridden by SpriteBox.handleEvent ((PointerEvent, _SpriteBoxHitTestEntry) → void) (packages/flutter_sprites/lib/src/sprite_box.dart, line 209, col 3)
RenderBox.setupParentData ((RenderObject) → void) overridden by _RenderLazyBlock.setupParentData ((RenderBox) → void) (packages/flutter/lib/src/widgets/lazy_block.dart, line 408, col 3)
RenderBox.setupParentData ((RenderObject) → void) overridden by _RenderTabBar.setupParentData ((RenderBox) → void) (packages/flutter/lib/src/material/tabs.dart, line 98, col 3)
RenderBox.setupParentData ((RenderObject) → void) overridden by RenderBlock.setupParentData ((RenderBox) → void) (packages/flutter/lib/src/rendering/block.dart, line 38, col 3)
RenderBox.setupParentData ((RenderObject) → void) overridden by RenderCustomMultiChildLayoutBox.setupParentData ((RenderBox) → void) (packages/flutter/lib/src/rendering/custom_layout.dart, line 220, col 3)
RenderBox.setupParentData ((RenderObject) → void) overridden by RenderFlex.setupParentData ((RenderBox) → void) (packages/flutter/lib/src/rendering/flex.dart, line 177, col 3)
RenderBox.setupParentData ((RenderObject) → void) overridden by RenderFlow.setupParentData ((RenderBox) → void) (packages/flutter/lib/src/rendering/flow.dart, line 189, col 3)
RenderBox.setupParentData ((RenderObject) → void) overridden by RenderGrid.setupParentData ((RenderBox) → void) (packages/flutter/lib/src/rendering/grid.dart, line 582, col 3)
RenderBox.setupParentData ((RenderObject) → void) overridden by RenderList.setupParentData ((RenderBox) → void) (packages/flutter/lib/src/rendering/list.dart, line 73, col 3)
RenderBox.setupParentData ((RenderObject) → void) overridden by RenderStack.setupParentData ((RenderBox) → void) (packages/flutter/lib/src/rendering/stack.dart, line 255, col 3)
RenderObjectElement.insertChildRenderObject ((RenderObject, dynamic) → void) overridden by _LazyBlockElement.insertChildRenderObject ((RenderObject, Element) → void) (packages/flutter/lib/src/widgets/lazy_block.dart, line 853, col 3)
RenderObjectElement.insertChildRenderObject ((RenderObject, dynamic) → void) overridden by _TableElement.insertChildRenderObject ((RenderObject, Element) → void) (packages/flutter/lib/src/widgets/table.dart, line 205, col 3)
RenderObjectElement.insertChildRenderObject ((RenderObject, dynamic) → void) overridden by MultiChildRenderObjectElement.insertChildRenderObject ((RenderObject, Element) → void) (packages/flutter/lib/src/widgets/framework.dart, line 2692, col 3)
RenderObjectElement.insertChildRenderObject ((RenderObject, dynamic) → void) overridden by VirtualViewportElement.insertChildRenderObject ((RenderObject, Element) → void) (packages/flutter/lib/src/widgets/virtual_viewport.dart, line 199, col 3)
RenderObjectElement.moveChildRenderObject ((RenderObject, dynamic) → void) overridden by VirtualViewportElement.moveChildRenderObject ((RenderObject, Element) → void) (packages/flutter/lib/src/widgets/virtual_viewport.dart, line 204, col 3)
RenderObjectElement.update ((RenderObjectWidget) → void) overridden by _LayoutBuilderElement.update ((LayoutBuilder) → void) (packages/flutter/lib/src/widgets/layout_builder.dart, line 151, col 3)
RenderObjectElement.update ((RenderObjectWidget) → void) overridden by _LazyBlockElement.update ((LazyBlockViewport) → void) (packages/flutter/lib/src/widgets/lazy_block.dart, line 524, col 3)
RenderObjectElement.update ((RenderObjectWidget) → void) overridden by _TableElement.update ((Table) → void) (packages/flutter/lib/src/widgets/table.dart, line 225, col 3)
RenderObjectElement.update ((RenderObjectWidget) → void) overridden by MultiChildRenderObjectElement.update ((MultiChildRenderObjectWidget) → void) (packages/flutter/lib/src/widgets/framework.dart, line 2742, col 3)
RenderObjectElement.update ((RenderObjectWidget) → void) overridden by RenderObjectToWidgetElement.update ((RenderObjectToWidgetAdapter<T>) → void) (packages/flutter/lib/src/widgets/binding.dart, line 361, col 3)
RenderObjectElement.update ((RenderObjectWidget) → void) overridden by SingleChildRenderObjectElement.update ((SingleChildRenderObjectWidget) → void) (packages/flutter/lib/src/widgets/framework.dart, line 2649, col 3)
RenderObjectElement.update ((RenderObjectWidget) → void) overridden by VirtualViewportElement.update ((VirtualViewport) → void) (packages/flutter/lib/src/widgets/virtual_viewport.dart, line 121, col 3)
RenderObjectWidget.didUnmountRenderObject ((RenderObject) → void) overridden by ClipOval.didUnmountRenderObject ((RenderClipOval) → void) (packages/flutter/lib/src/widgets/basic.dart, line 332, col 3)
RenderObjectWidget.didUnmountRenderObject ((RenderObject) → void) overridden by ClipPath.didUnmountRenderObject ((RenderClipPath) → void) (packages/flutter/lib/src/widgets/basic.dart, line 374, col 3)
RenderObjectWidget.didUnmountRenderObject ((RenderObject) → void) overridden by ClipRect.didUnmountRenderObject ((RenderClipRect) → void) (packages/flutter/lib/src/widgets/basic.dart, line 266, col 3)
RenderObjectWidget.didUnmountRenderObject ((RenderObject) → void) overridden by CustomPaint.didUnmountRenderObject ((RenderCustomPaint) → void) (packages/flutter/lib/src/widgets/basic.dart, line 235, col 3)
RenderObjectWidget.updateRenderObject ((BuildContext, RenderObject) → void) overridden by _ChartWrapper.updateRenderObject ((BuildContext, _RenderChart) → void) (packages/playfair/lib/src/base.dart, line 65, col 3)
RenderObjectWidget.updateRenderObject ((BuildContext, RenderObject) → void) overridden by _CheckboxRenderObjectWidget.updateRenderObject ((BuildContext, _RenderCheckbox) → void) (packages/flutter/lib/src/material/checkbox.dart, line 111, col 3)
RenderObjectWidget.updateRenderObject ((BuildContext, RenderObject) → void) overridden by _ChildViewWidget.updateRenderObject ((BuildContext, RenderChildView) → void) (packages/flutter/lib/src/widgets/child_view.dart, line 47, col 3)
RenderObjectWidget.updateRenderObject ((BuildContext, RenderObject) → void) overridden by _EditableLineWidget.updateRenderObject ((BuildContext, RenderEditableLine) → void) (packages/flutter/lib/src/widgets/editable.dart, line 481, col 3)
RenderObjectWidget.updateRenderObject ((BuildContext, RenderObject) → void) overridden by _GestureSemantics.updateRenderObject ((BuildContext, RenderSemanticsGestureHandler) → void) (packages/flutter/lib/src/widgets/gesture_detector.dart, line 573, col 3)
RenderObjectWidget.updateRenderObject ((BuildContext, RenderObject) → void) overridden by _InkFeatures.updateRenderObject ((BuildContext, _RenderInkFeatures) → void) (packages/flutter/lib/src/material/material.dart, line 413, col 3)
RenderObjectWidget.updateRenderObject ((BuildContext, RenderObject) → void) overridden by _RadioRenderObjectWidget.updateRenderObject ((BuildContext, _RenderRadio) → void) (packages/flutter/lib/src/material/radio.dart, line 134, col 3)
RenderObjectWidget.updateRenderObject ((BuildContext, RenderObject) → void) overridden by _SliderRenderObjectWidget.updateRenderObject ((BuildContext, _RenderSlider) → void) (packages/flutter/lib/src/material/slider.dart, line 154, col 3)
RenderObjectWidget.updateRenderObject ((BuildContext, RenderObject) → void) overridden by _SwitchRenderObjectWidget.updateRenderObject ((BuildContext, _RenderSwitch) → void) (packages/flutter/lib/src/material/switch.dart, line 156, col 3)
RenderObjectWidget.updateRenderObject ((BuildContext, RenderObject) → void) overridden by _TabBarWrapper.updateRenderObject ((BuildContext, _RenderTabBar) → void) (packages/flutter/lib/src/material/tabs.dart, line 282, col 3)
RenderObjectWidget.updateRenderObject ((BuildContext, RenderObject) → void) overridden by AbsorbPointer.updateRenderObject ((BuildContext, RenderAbsorbPointer) → void) (packages/flutter/lib/src/widgets/basic.dart, line 2664, col 3)
RenderObjectWidget.updateRenderObject ((BuildContext, RenderObject) → void) overridden by Align.updateRenderObject ((BuildContext, RenderPositionedBox) → void) (packages/flutter/lib/src/widgets/basic.dart, line 589, col 3)
RenderObjectWidget.updateRenderObject ((BuildContext, RenderObject) → void) overridden by AspectRatio.updateRenderObject ((BuildContext, RenderAspectRatio) → void) (packages/flutter/lib/src/widgets/basic.dart, line 1159, col 3)
RenderObjectWidget.updateRenderObject ((BuildContext, RenderObject) → void) overridden by AutoLayout.updateRenderObject ((BuildContext, RenderAutoLayout) → void) (packages/flutter/lib/src/widgets/auto_layout.dart, line 32, col 3)
RenderObjectWidget.updateRenderObject ((BuildContext, RenderObject) → void) overridden by BackdropFilter.updateRenderObject ((BuildContext, RenderBackdropFilter) → void) (packages/flutter/lib/src/widgets/basic.dart, line 184, col 3)
RenderObjectWidget.updateRenderObject ((BuildContext, RenderObject) → void) overridden by Baseline.updateRenderObject ((BuildContext, RenderBaseline) → void) (packages/flutter/lib/src/widgets/basic.dart, line 1256, col 3)
RenderObjectWidget.updateRenderObject ((BuildContext, RenderObject) → void) overridden by BlockBody.updateRenderObject ((BuildContext, RenderBlock) → void) (packages/flutter/lib/src/widgets/basic.dart, line 1361, col 3)
RenderObjectWidget.updateRenderObject ((BuildContext, RenderObject) → void) overridden by ClipOval.updateRenderObject ((BuildContext, RenderClipOval) → void) (packages/flutter/lib/src/widgets/basic.dart, line 327, col 3)
RenderObjectWidget.updateRenderObject ((BuildContext, RenderObject) → void) overridden by ClipPath.updateRenderObject ((BuildContext, RenderClipPath) → void) (packages/flutter/lib/src/widgets/basic.dart, line 369, col 3)
RenderObjectWidget.updateRenderObject ((BuildContext, RenderObject) → void) overridden by ClipRect.updateRenderObject ((BuildContext, RenderClipRect) → void) (packages/flutter/lib/src/widgets/basic.dart, line 261, col 3)
RenderObjectWidget.updateRenderObject ((BuildContext, RenderObject) → void) overridden by ClipRRect.updateRenderObject ((BuildContext, RenderClipRRect) → void) (packages/flutter/lib/src/widgets/basic.dart, line 294, col 3)
RenderObjectWidget.updateRenderObject ((BuildContext, RenderObject) → void) overridden by ConstrainedBox.updateRenderObject ((BuildContext, RenderConstrainedBox) → void) (packages/flutter/lib/src/widgets/basic.dart, line 806, col 3)
RenderObjectWidget.updateRenderObject ((BuildContext, RenderObject) → void) overridden by CustomMultiChildLayout.updateRenderObject ((BuildContext, RenderCustomMultiChildLayoutBox) → void) (packages/flutter/lib/src/widgets/basic.dart, line 733, col 3)
RenderObjectWidget.updateRenderObject ((BuildContext, RenderObject) → void) overridden by CustomPaint.updateRenderObject ((BuildContext, RenderCustomPaint) → void) (packages/flutter/lib/src/widgets/basic.dart, line 228, col 3)
RenderObjectWidget.updateRenderObject ((BuildContext, RenderObject) → void) overridden by CustomSingleChildLayout.updateRenderObject ((BuildContext, RenderCustomSingleChildLayoutBox) → void) (packages/flutter/lib/src/widgets/basic.dart, line 653, col 3)
RenderObjectWidget.updateRenderObject ((BuildContext, RenderObject) → void) overridden by DecoratedBox.updateRenderObject ((BuildContext, RenderDecoratedBox) → void) (packages/flutter/lib/src/widgets/container.dart, line 52, col 3)
RenderObjectWidget.updateRenderObject ((BuildContext, RenderObject) → void) overridden by Flex.updateRenderObject ((BuildContext, RenderFlex) → void) (packages/flutter/lib/src/widgets/basic.dart, line 1844, col 3)
RenderObjectWidget.updateRenderObject ((BuildContext, RenderObject) → void) overridden by Flow.updateRenderObject ((BuildContext, RenderFlow) → void) (packages/flutter/lib/src/widgets/basic.dart, line 2014, col 3)
RenderObjectWidget.updateRenderObject ((BuildContext, RenderObject) → void) overridden by FractionallySizedBox.updateRenderObject ((BuildContext, RenderFractionallySizedOverflowBox) → void) (packages/flutter/lib/src/widgets/basic.dart, line 879, col 3)
RenderObjectWidget.updateRenderObject ((BuildContext, RenderObject) → void) overridden by FractionalTranslation.updateRenderObject ((BuildContext, RenderFractionalTranslation) → void) (packages/flutter/lib/src/widgets/basic.dart, line 460, col 3)
RenderObjectWidget.updateRenderObject ((BuildContext, RenderObject) → void) overridden by GridRenderObjectWidget.updateRenderObject ((BuildContext, RenderGrid) → void) (packages/flutter/lib/src/widgets/basic.dart, line 1612, col 3)
RenderObjectWidget.updateRenderObject ((BuildContext, RenderObject) → void) overridden by IgnorePointer.updateRenderObject ((BuildContext, RenderIgnorePointer) → void) (packages/flutter/lib/src/widgets/basic.dart, line 2627, col 3)
RenderObjectWidget.updateRenderObject ((BuildContext, RenderObject) → void) overridden by IntrinsicWidth.updateRenderObject ((BuildContext, RenderIntrinsicWidth) → void) (packages/flutter/lib/src/widgets/basic.dart, line 1199, col 3)
RenderObjectWidget.updateRenderObject ((BuildContext, RenderObject) → void) overridden by LimitedBox.updateRenderObject ((BuildContext, RenderLimitedBox) → void) (packages/flutter/lib/src/widgets/basic.dart, line 930, col 3)
RenderObjectWidget.updateRenderObject ((BuildContext, RenderObject) → void) overridden by Listener.updateRenderObject ((BuildContext, RenderPointerListener) → void) (packages/flutter/lib/src/widgets/basic.dart, line 2507, col 3)
RenderObjectWidget.updateRenderObject ((BuildContext, RenderObject) → void) overridden by MetaData.updateRenderObject ((BuildContext, RenderMetaData) → void) (packages/flutter/lib/src/widgets/basic.dart, line 2699, col 3)
RenderObjectWidget.updateRenderObject ((BuildContext, RenderObject) → void) overridden by OffStage.updateRenderObject ((BuildContext, RenderOffStage) → void) (packages/flutter/lib/src/widgets/basic.dart, line 1100, col 3)
RenderObjectWidget.updateRenderObject ((BuildContext, RenderObject) → void) overridden by Opacity.updateRenderObject ((BuildContext, RenderOpacity) → void) (packages/flutter/lib/src/widgets/basic.dart, line 99, col 3)
RenderObjectWidget.updateRenderObject ((BuildContext, RenderObject) → void) overridden by OverflowBox.updateRenderObject ((BuildContext, RenderConstrainedOverflowBox) → void) (packages/flutter/lib/src/widgets/basic.dart, line 999, col 3)
RenderObjectWidget.updateRenderObject ((BuildContext, RenderObject) → void) overridden by Padding.updateRenderObject ((BuildContext, RenderPadding) → void) (packages/flutter/lib/src/widgets/basic.dart, line 521, col 3)
RenderObjectWidget.updateRenderObject ((BuildContext, RenderObject) → void) overridden by PerformanceOverlay.updateRenderObject ((BuildContext, RenderPerformanceOverlay) → void) (packages/flutter/lib/src/widgets/performance_overlay.dart, line 85, col 3)
RenderObjectWidget.updateRenderObject ((BuildContext, RenderObject) → void) overridden by RawImage.updateRenderObject ((BuildContext, RenderImage) → void) (packages/flutter/lib/src/widgets/basic.dart, line 2349, col 3)
RenderObjectWidget.updateRenderObject ((BuildContext, RenderObject) → void) overridden by RichText.updateRenderObject ((BuildContext, RenderParagraph) → void) (packages/flutter/lib/src/widgets/basic.dart, line 2081, col 3)
RenderObjectWidget.updateRenderObject ((BuildContext, RenderObject) → void) overridden by RotatedBox.updateRenderObject ((BuildContext, RenderRotatedBox) → void) (packages/flutter/lib/src/widgets/basic.dart, line 491, col 3)
RenderObjectWidget.updateRenderObject ((BuildContext, RenderObject) → void) overridden by Semantics.updateRenderObject ((BuildContext, RenderSemanticAnnotations) → void) (packages/flutter/lib/src/widgets/basic.dart, line 2762, col 3)
RenderObjectWidget.updateRenderObject ((BuildContext, RenderObject) → void) overridden by ShaderMask.updateRenderObject ((BuildContext, RenderShaderMask) → void) (packages/flutter/lib/src/widgets/basic.dart, line 149, col 3)
RenderObjectWidget.updateRenderObject ((BuildContext, RenderObject) → void) overridden by SizedBox.updateRenderObject ((BuildContext, RenderConstrainedBox) → void) (packages/flutter/lib/src/widgets/basic.dart, line 768, col 3)
RenderObjectWidget.updateRenderObject ((BuildContext, RenderObject) → void) overridden by SizedOverflowBox.updateRenderObject ((BuildContext, RenderSizedOverflowBox) → void) (packages/flutter/lib/src/widgets/basic.dart, line 1062, col 3)
RenderObjectWidget.updateRenderObject ((BuildContext, RenderObject) → void) overridden by SpriteWidget.updateRenderObject ((BuildContext, SpriteBox) → void) (packages/flutter_sprites/lib/src/sprite_widget.dart, line 35, col 3)
RenderObjectWidget.updateRenderObject ((BuildContext, RenderObject) → void) overridden by Stack.updateRenderObject ((BuildContext, RenderStack) → void) (packages/flutter/lib/src/widgets/basic.dart, line 1412, col 3)
RenderObjectWidget.updateRenderObject ((BuildContext, RenderObject) → void) overridden by Table.updateRenderObject ((BuildContext, RenderTable) → void) (packages/flutter/lib/src/widgets/table.dart, line 156, col 3)
RenderObjectWidget.updateRenderObject ((BuildContext, RenderObject) → void) overridden by TestOrientedBox.updateRenderObject ((BuildContext, RenderDecoratedBox) → void) (packages/flutter/test/widget/render_object_widget_test.dart, line 41, col 3)
RenderObjectWidget.updateRenderObject ((BuildContext, RenderObject) → void) overridden by Transform.updateRenderObject ((BuildContext, RenderTransform) → void) (packages/flutter/lib/src/widgets/basic.dart, line 426, col 3)
RenderObjectWidget.updateRenderObject ((BuildContext, RenderObject) → void) overridden by Viewport.updateRenderObject ((BuildContext, RenderViewport) → void) (packages/flutter/lib/src/widgets/basic.dart, line 1319, col 3)
RenderObjectWidget.updateRenderObject ((BuildContext, RenderObject) → void) overridden by WidgetToRenderBoxAdapter.updateRenderObject ((BuildContext, RenderBox) → void) (packages/flutter/lib/src/widgets/basic.dart, line 2453, col 3)
RenderView.configuration= ((ViewConfiguration) → void) overridden by _LiveTestRenderView.configuration= ((TestViewConfiguration) → void) (packages/flutter_test/lib/src/binding.dart, line 783, col 3)
Route<String>.didChangeNext ((Route<dynamic>) → void) overridden by TestRoute.didChangeNext ((TestRoute) → void) (packages/flutter/test/widget/routes_test.dart, line 64, col 3)
Route<String>.didPopNext ((Route<dynamic>) → void) overridden by TestRoute.didPopNext ((TestRoute) → void) (packages/flutter/test/widget/routes_test.dart, line 59, col 3)
Route<String>.didReplace ((Route<dynamic>) → void) overridden by TestRoute.didReplace ((TestRoute) → void) (packages/flutter/test/widget/routes_test.dart, line 45, col 3)
ScrollableState<RawInputLine>.createScrollBehavior (() → ExtentScrollBehavior) overridden by RawInputLineState.createScrollBehavior (() → ScrollBehavior<double, double>) (packages/flutter/lib/src/widgets/editable.dart, line 232, col 3)
ScrollableState<TabBar<T>>.createScrollBehavior (() → ExtentScrollBehavior) overridden by _TabBarState.createScrollBehavior (() → ScrollBehavior<double, double>) (packages/flutter/lib/src/material/tabs.dart, line 922, col 3)
SemanticsServer.addSemanticsListener ((SemanticsListenerInterface) → void) overridden by SemanticsServer.addSemanticsListener ((SemanticsListenerProxy) → void) (packages/flutter/lib/src/rendering/binding.dart, line 230, col 3)
SingleChildLayoutDelegate.shouldRelayout ((SingleChildLayoutDelegate) → bool) overridden by _DropDownMenuRouteLayout.shouldRelayout ((_DropDownMenuRouteLayout<T>) → bool) (packages/flutter/lib/src/material/drop_down.dart, line 237, col 3)
SingleChildLayoutDelegate.shouldRelayout ((SingleChildLayoutDelegate) → bool) overridden by _ModalBottomSheetLayout.shouldRelayout ((_ModalBottomSheetLayout) → bool) (packages/flutter/lib/src/material/bottom_sheet.dart, line 163, col 3)
SingleChildLayoutDelegate.shouldRelayout ((SingleChildLayoutDelegate) → bool) overridden by _PopupMenuRouteLayout.shouldRelayout ((_PopupMenuRouteLayout) → bool) (packages/flutter/lib/src/material/popup_menu.dart, line 366, col 3)
SingleChildLayoutDelegate.shouldRelayout ((SingleChildLayoutDelegate) → bool) overridden by _TextSelectionToolbarLayout.shouldRelayout ((_TextSelectionToolbarLayout) → bool) (packages/flutter/lib/src/material/text_selection.dart, line 120, col 3)
SingleChildLayoutDelegate.shouldRelayout ((SingleChildLayoutDelegate) → bool) overridden by _TooltipPositionDelegate.shouldRelayout ((_TooltipPositionDelegate) → bool) (packages/flutter/lib/src/material/tooltip.dart, line 239, col 3)
Stack.updateRenderObject ((BuildContext, RenderStack) → void) overridden by IndexedStack.updateRenderObject ((BuildContext, RenderIndexedStack) → void) (packages/flutter/lib/src/widgets/basic.dart, line 1438, col 3)
StatefulWidget.createState (() → State<StatefulWidget>) overridden by UniqueWidget.createState (() → T) (packages/flutter/lib/src/widgets/unique_widget.dart, line 22, col 3)
VirtualViewportElement.updateRenderObject ((VirtualViewport) → void) overridden by _GridViewportElement.updateRenderObject ((GridViewport) → void) (packages/flutter/lib/src/widgets/scrollable_grid.dart, line 182, col 3)
VirtualViewportElement.updateRenderObject ((VirtualViewport) → void) overridden by _VirtualListViewportElement.updateRenderObject ((_VirtualListViewport) → void) (packages/flutter/lib/src/widgets/scrollable_list.dart, line 286, col 3)
VirtualViewportElement.updateRenderObject ((VirtualViewport) → void) overridden by _VirtualPageViewportElement.updateRenderObject ((_VirtualPageViewport) → void) (packages/flutter/lib/src/widgets/pageable_list.dart, line 462, col 3)